
> ecommerce-app@0.0.0 build
> vite build

[36mvite v7.1.5 [32mbuilding for production...[36m[39m
transforming...
[32mΓ£ô[39m 2228 modules transformed.
rendering chunks...
computing gzip size...
[2mdist/[22m[32mindex.html                 [39m[1m[2m  0.43 kB[22m[1m[22m[2m Γöé gzip:   0.31 kB[22m
[2mdist/[22m[35massets/index-CdZgiIGp.css  [39m[1m[2m 40.11 kB[22m[1m[22m[2m Γöé gzip:   7.02 kB[22m
[2mdist/[22m[36massets/index-JXKH_Ks_.js   [39m[1m[2m491.92 kB[22m[1m[22m[2m Γöé gzip: 151.91 kB[22m
[32mΓ£ô built in 40.33s[39m
